// Vitest Snapshot v1, https://vitest.dev/guide/snapshot.html

exports[`renderWorkspace > renders the zoom rail and callout to the approved shape 1`] = `"<div class="story-zoom-controls"><button data-zoom-step="-1" aria-label="Decrease detail">−</button><div class="zoom" id="zoom-control" role="group" aria-label="Story detail level"><div class="zoom-callout" id="zoom-callout" aria-live="polite"><output id="zoom-label">Summary</output><span id="zoom-description">Story claims and summaries</span></div><button data-zoom="0" aria-label="Map" title="Map"></button><button data-zoom="1" aria-label="Summary" title="Summary" class="active"></button><button data-zoom="2" aria-label="Explanation" title="Explanation"></button><button data-zoom="3" aria-label="Evidence" title="Evidence"></button><button data-zoom="4" aria-label="Raw" title="Raw"></button></div><button data-zoom-step="1" aria-label="Increase detail">+</button></div></div></header>"`;
